/Users/amine/work/django_api_marketPlace/marketplace_api/data_api/views.py changed, reloading.
Watching for file changes with StatReloader
requested info about 83
"GET /api/PodcastPlays/?podcast=83 HTTP/1.1" 200 2641
/Users/amine/work/django_api_marketPlace/marketplace_api/data_api/models.py changed, reloading.
Watching for file changes with StatReloader
/Users/amine/work/django_api_marketPlace/marketplace_api/data_api/views.py changed, reloading.
Watching for file changes with StatReloader
Watching for file changes with StatReloader
Recieved request to add data to podcast 100
Internal Server Error: /api/episodestats/
Traceback (most recent call last):
  File "/Users/amine/venv/django_api_marketPlace/lib/python3.7/site-packages/django/core/handlers/exception.py", line 34, in inner
    response = get_response(request)
  File "/Users/amine/venv/django_api_marketPlace/lib/python3.7/site-packages/django/core/handlers/base.py", line 115, in _get_response
    response = self.process_exception_by_middleware(e, request)
  File "/Users/amine/venv/django_api_marketPlace/lib/python3.7/site-packages/django/core/handlers/base.py", line 113, in _get_response
    response = wrapped_callback(request, *callback_args, **callback_kwargs)
  File "/Users/amine/venv/django_api_marketPlace/lib/python3.7/site-packages/django/views/decorators/csrf.py", line 54, in wrapped_view
    return view_func(*args, **kwargs)
  File "/Users/amine/venv/django_api_marketPlace/lib/python3.7/site-packages/django/views/generic/base.py", line 71, in view
    return self.dispatch(request, *args, **kwargs)
  File "/Users/amine/venv/django_api_marketPlace/lib/python3.7/site-packages/rest_framework/views.py", line 505, in dispatch
    response = self.handle_exception(exc)
  File "/Users/amine/venv/django_api_marketPlace/lib/python3.7/site-packages/rest_framework/views.py", line 465, in handle_exception
    self.raise_uncaught_exception(exc)
  File "/Users/amine/venv/django_api_marketPlace/lib/python3.7/site-packages/rest_framework/views.py", line 476, in raise_uncaught_exception
    raise exc
  File "/Users/amine/venv/django_api_marketPlace/lib/python3.7/site-packages/rest_framework/views.py", line 502, in dispatch
    response = handler(request, *args, **kwargs)
  File "/Users/amine/work/django_api_marketPlace/marketplace_api/data_api/views.py", line 149, in post
    with AnchorScraper(podcast=request.data.__getitem__('podcast'),username=request.data.__getitem__('username'),password=request.data.__getitem__('password')) as Anchor:
  File "/Users/amine/work/django_api_marketPlace/marketplace_api/scrape_podcast_data/Scraper.py", line 60, in __init__
    self.driver = webdriver.Chrome(options=options)
  File "/Users/amine/venv/django_api_marketPlace/lib/python3.7/site-packages/selenium/webdriver/chrome/webdriver.py", line 81, in __init__
    desired_capabilities=desired_capabilities)
  File "/Users/amine/venv/django_api_marketPlace/lib/python3.7/site-packages/selenium/webdriver/remote/webdriver.py", line 157, in __init__
    self.start_session(capabilities, browser_profile)
  File "/Users/amine/venv/django_api_marketPlace/lib/python3.7/site-packages/selenium/webdriver/remote/webdriver.py", line 252, in start_session
    response = self.execute(Command.NEW_SESSION, parameters)
  File "/Users/amine/venv/django_api_marketPlace/lib/python3.7/site-packages/selenium/webdriver/remote/webdriver.py", line 321, in execute
    self.error_handler.check_response(response)
  File "/Users/amine/venv/django_api_marketPlace/lib/python3.7/site-packages/selenium/webdriver/remote/errorhandler.py", line 242, in check_response
    raise exception_class(message, screen, stacktrace)
selenium.common.exceptions.SessionNotCreatedException: Message: session not created: This version of ChromeDriver only supports Chrome version 79

"POST /api/episodestats/ HTTP/1.1" 500 17741
Recieved request to add data to podcast 100
Internal Server Error: /api/episodestats/
Traceback (most recent call last):
  File "/Users/amine/venv/django_api_marketPlace/lib/python3.7/site-packages/django/core/handlers/exception.py", line 34, in inner
    response = get_response(request)
  File "/Users/amine/venv/django_api_marketPlace/lib/python3.7/site-packages/django/core/handlers/base.py", line 115, in _get_response
    response = self.process_exception_by_middleware(e, request)
  File "/Users/amine/venv/django_api_marketPlace/lib/python3.7/site-packages/django/core/handlers/base.py", line 113, in _get_response
    response = wrapped_callback(request, *callback_args, **callback_kwargs)
  File "/Users/amine/venv/django_api_marketPlace/lib/python3.7/site-packages/django/views/decorators/csrf.py", line 54, in wrapped_view
    return view_func(*args, **kwargs)
  File "/Users/amine/venv/django_api_marketPlace/lib/python3.7/site-packages/django/views/generic/base.py", line 71, in view
    return self.dispatch(request, *args, **kwargs)
  File "/Users/amine/venv/django_api_marketPlace/lib/python3.7/site-packages/rest_framework/views.py", line 505, in dispatch
    response = self.handle_exception(exc)
  File "/Users/amine/venv/django_api_marketPlace/lib/python3.7/site-packages/rest_framework/views.py", line 465, in handle_exception
    self.raise_uncaught_exception(exc)
  File "/Users/amine/venv/django_api_marketPlace/lib/python3.7/site-packages/rest_framework/views.py", line 476, in raise_uncaught_exception
    raise exc
  File "/Users/amine/venv/django_api_marketPlace/lib/python3.7/site-packages/rest_framework/views.py", line 502, in dispatch
    response = handler(request, *args, **kwargs)
  File "/Users/amine/work/django_api_marketPlace/marketplace_api/data_api/views.py", line 149, in post
    with AnchorScraper(podcast=request.data.__getitem__('podcast'),username=request.data.__getitem__('username'),password=request.data.__getitem__('password')) as Anchor:
  File "/Users/amine/work/django_api_marketPlace/marketplace_api/scrape_podcast_data/Scraper.py", line 60, in __init__
    self.driver = webdriver.Chrome(options=options)
  File "/Users/amine/venv/django_api_marketPlace/lib/python3.7/site-packages/selenium/webdriver/chrome/webdriver.py", line 73, in __init__
    self.service.start()
  File "/Users/amine/venv/django_api_marketPlace/lib/python3.7/site-packages/selenium/webdriver/common/service.py", line 98, in start
    self.assert_process_still_running()
  File "/Users/amine/venv/django_api_marketPlace/lib/python3.7/site-packages/selenium/webdriver/common/service.py", line 111, in assert_process_still_running
    % (self.path, return_code)
selenium.common.exceptions.WebDriverException: Message: Service chromedriver unexpectedly exited. Status code was: -9

"POST /api/episodestats/ HTTP/1.1" 500 17235
Recieved request to add data to podcast 100
Internal Server Error: /api/episodestats/
Traceback (most recent call last):
  File "/Users/amine/venv/django_api_marketPlace/lib/python3.7/site-packages/django/core/handlers/exception.py", line 34, in inner
    response = get_response(request)
  File "/Users/amine/venv/django_api_marketPlace/lib/python3.7/site-packages/django/core/handlers/base.py", line 115, in _get_response
    response = self.process_exception_by_middleware(e, request)
  File "/Users/amine/venv/django_api_marketPlace/lib/python3.7/site-packages/django/core/handlers/base.py", line 113, in _get_response
    response = wrapped_callback(request, *callback_args, **callback_kwargs)
  File "/Users/amine/venv/django_api_marketPlace/lib/python3.7/site-packages/django/views/decorators/csrf.py", line 54, in wrapped_view
    return view_func(*args, **kwargs)
  File "/Users/amine/venv/django_api_marketPlace/lib/python3.7/site-packages/django/views/generic/base.py", line 71, in view
    return self.dispatch(request, *args, **kwargs)
  File "/Users/amine/venv/django_api_marketPlace/lib/python3.7/site-packages/rest_framework/views.py", line 505, in dispatch
    response = self.handle_exception(exc)
  File "/Users/amine/venv/django_api_marketPlace/lib/python3.7/site-packages/rest_framework/views.py", line 465, in handle_exception
    self.raise_uncaught_exception(exc)
  File "/Users/amine/venv/django_api_marketPlace/lib/python3.7/site-packages/rest_framework/views.py", line 476, in raise_uncaught_exception
    raise exc
  File "/Users/amine/venv/django_api_marketPlace/lib/python3.7/site-packages/rest_framework/views.py", line 502, in dispatch
    response = handler(request, *args, **kwargs)
  File "/Users/amine/work/django_api_marketPlace/marketplace_api/data_api/views.py", line 149, in post
    with AnchorScraper(podcast=request.data.__getitem__('podcast'),username=request.data.__getitem__('username'),password=request.data.__getitem__('password')) as Anchor:
  File "/Users/amine/work/django_api_marketPlace/marketplace_api/scrape_podcast_data/Scraper.py", line 60, in __init__
    self.driver = webdriver.Chrome(options=options)
  File "/Users/amine/venv/django_api_marketPlace/lib/python3.7/site-packages/selenium/webdriver/chrome/webdriver.py", line 73, in __init__
    self.service.start()
  File "/Users/amine/venv/django_api_marketPlace/lib/python3.7/site-packages/selenium/webdriver/common/service.py", line 104, in start
    raise WebDriverException("Can not connect to the Service %s" % self.path)
selenium.common.exceptions.WebDriverException: Message: Can not connect to the Service chromedriver

"POST /api/episodestats/ HTTP/1.1" 500 17049
Recieved request to add data to podcast 100
Trying logging in to get stats
login started
login started type 1
Typing stated
user amineladiki@gmail.com
psw Dohatabali09
Getting the stats
2 episode(s) found
"POST /api/episodestats/ HTTP/1.1" 200 586
/Users/amine/work/django_api_marketPlace/marketplace_api/scrape_podcast_data/Scraper.py changed, reloading.
Watching for file changes with StatReloader
"OPTIONS /api/Compaign/ HTTP/1.1" 200 0
"GET /api/Compaign/ HTTP/1.1" 200 2
"GET /api/Compaign/ HTTP/1.1" 200 2
"OPTIONS /api/podcastsFilter/ HTTP/1.1" 200 0
"GET /api/podcastsFilter/ HTTP/1.1" 200 11340
"OPTIONS /api/podcaststatGeneral/ HTTP/1.1" 200 0
"GET /api/podcaststatGeneral/ HTTP/1.1" 200 51
"GET /api/podcastsFilter/ HTTP/1.1" 200 11340
"OPTIONS /api/podcasts/ HTTP/1.1" 200 0
"POST /api/podcasts/ HTTP/1.1" 201 385
"OPTIONS /api/UpdatePodcastEpisodes/ HTTP/1.1" 200 0
"POST /api/UpdatePodcastEpisodes/ HTTP/1.1" 201 10
"OPTIONS /api/episodestats/ HTTP/1.1" 200 0
Recieved request to add data to podcast 102
Trying logging in to get stats
login started
login started type 1
Typing stated
user amineladiki@gmail.com
psw Dohatabali09
Getting the stats
2 episode(s) found
"POST /api/episodestats/ HTTP/1.1" 200 586
"GET /api/podcasts/ HTTP/1.1" 200 12415
"OPTIONS /api/episodes/ HTTP/1.1" 200 0
"POST /api/episodes/ HTTP/1.1" 200 1327
"OPTIONS /api/PodcastPlays?podcast=102 HTTP/1.1" 200 0
"GET /api/PodcastPlays?podcast=102 HTTP/1.1" 301 0
"OPTIONS /api/PodcastPlays/?podcast=102 HTTP/1.1" 200 0
requested info about 102
"GET /api/PodcastPlays/?podcast=102 HTTP/1.1" 200 2641
Watching for file changes with StatReloader
Not Found: /
"GET / HTTP/1.1" 404 4044
Not Found: /favicon.ico
"GET /favicon.ico HTTP/1.1" 404 4095
"GET /api/ HTTP/1.1" 302 0
"GET /api/login/?next=/api/ HTTP/1.1" 200 1905
"GET /static/admin/css/login.css HTTP/1.1" 200 1233
"GET /static/admin/css/base.css HTTP/1.1" 200 16378
"GET /static/admin/css/responsive.css HTTP/1.1" 200 18052
"GET /static/admin/css/fonts.css HTTP/1.1" 200 423
"GET /static/admin/fonts/Roboto-Regular-webfont.woff HTTP/1.1" 200 85876
"GET /static/admin/fonts/Roboto-Light-webfont.woff HTTP/1.1" 200 85692
Not Found: /
"GET / HTTP/1.1" 404 4044
Not Found: /favicon.ico
"GET /favicon.ico HTTP/1.1" 404 4095
"GET /api/episodestats/?podcast=101 HTTP/1.1" 200 46511
"GET /api/episodestats/?podcast=102 HTTP/1.1" 200 46511
"GET /api/episodestats/?podcast=103 HTTP/1.1" 200 47096
"GET /api/episodestats/?podcast=104 HTTP/1.1" 200 2
"GET /api/podcasts/ HTTP/1.1" 200 13026
"GET /api/podcasts/ HTTP/1.1" 200 1190
"GET /api/episodestats/?podcast=103 HTTP/1.1" 200 47096
"GET /api/podcasts/ HTTP/1.1" 200 2041
"GET /api/episodestats/?podcast=104 HTTP/1.1" 200 2
"GET /api/episodestats/?podcast=104 HTTP/1.1" 200 2
"GET /api/episodestats/?podcast=104 HTTP/1.1" 200 2
"GET /api/episodestats/?podcast=104 HTTP/1.1" 200 2
"GET /api/episodestats/?podcast=104 HTTP/1.1" 200 2
"GET /api/episodestats/?podcast=104 HTTP/1.1" 200 2
"GET /api/episodestats/?podcast=104 HTTP/1.1" 200 2
"GET /api/episodestats/?podcast=104 HTTP/1.1" 200 2
"GET /api/episodestats/?podcast=104 HTTP/1.1" 200 2
"GET /api/episodestats/?podcast=104 HTTP/1.1" 200 2
"GET /api/episodestats/?podcast=104 HTTP/1.1" 200 2
"GET /api/episodestats/?podcast=104 HTTP/1.1" 200 2
"GET /api/episodestats/?podcast=104 HTTP/1.1" 200 47096
"GET /api/episodestats/?podcast=105 HTTP/1.1" 200 2
"GET /api/episodestats/?podcast=105 HTTP/1.1" 200 2
"GET /api/episodestats/?podcast=105 HTTP/1.1" 200 2
"GET /api/episodestats/?podcast=105 HTTP/1.1" 200 2
"GET /api/episodestats/?podcast=105 HTTP/1.1" 200 47096
"GET /api/episodestats/?podcast=106 HTTP/1.1" 200 2
"GET /api/episodestats/?podcast=106 HTTP/1.1" 200 2
"GET /api/episodestats/?podcast=106 HTTP/1.1" 200 2
"GET /api/episodestats/?podcast=106 HTTP/1.1" 200 2
"GET /api/episodestats/?podcast=106 HTTP/1.1" 200 2
"GET /api/episodestats/?podcast=107 HTTP/1.1" 200 2
"GET /api/episodestats/?podcast=107 HTTP/1.1" 200 2
Internal Server Error: /api/episodestats/
Traceback (most recent call last):
  File "/Users/amine/venv/django_api_marketPlace/lib/python3.7/site-packages/django/db/backends/base/base.py", line 220, in ensure_connection
    self.connect()
  File "/Users/amine/venv/django_api_marketPlace/lib/python3.7/site-packages/django/utils/asyncio.py", line 26, in inner
    return func(*args, **kwargs)
  File "/Users/amine/venv/django_api_marketPlace/lib/python3.7/site-packages/django/db/backends/base/base.py", line 197, in connect
    self.connection = self.get_new_connection(conn_params)
  File "/Users/amine/venv/django_api_marketPlace/lib/python3.7/site-packages/django/utils/asyncio.py", line 26, in inner
    return func(*args, **kwargs)
  File "/Users/amine/venv/django_api_marketPlace/lib/python3.7/site-packages/django/db/backends/postgresql/base.py", line 185, in get_new_connection
    connection = Database.connect(**conn_params)
  File "/Users/amine/venv/django_api_marketPlace/lib/python3.7/site-packages/psycopg2/__init__.py", line 126, in connect
    conn = _connect(dsn, connection_factory=connection_factory, **kwasync)
psycopg2.OperationalError: could not translate host name "loudly.ckqy6jm3fbvi.eu-west-3.rds.amazonaws.com" to address: nodename nor servname provided, or not known


The above exception was the direct cause of the following exception:

Traceback (most recent call last):
  File "/Users/amine/venv/django_api_marketPlace/lib/python3.7/site-packages/django/core/handlers/exception.py", line 34, in inner
    response = get_response(request)
  File "/Users/amine/venv/django_api_marketPlace/lib/python3.7/site-packages/django/core/handlers/base.py", line 115, in _get_response
    response = self.process_exception_by_middleware(e, request)
  File "/Users/amine/venv/django_api_marketPlace/lib/python3.7/site-packages/django/core/handlers/base.py", line 113, in _get_response
    response = wrapped_callback(request, *callback_args, **callback_kwargs)
  File "/Users/amine/venv/django_api_marketPlace/lib/python3.7/site-packages/django/views/decorators/csrf.py", line 54, in wrapped_view
    return view_func(*args, **kwargs)
  File "/Users/amine/venv/django_api_marketPlace/lib/python3.7/site-packages/django/views/generic/base.py", line 71, in view
    return self.dispatch(request, *args, **kwargs)
  File "/Users/amine/venv/django_api_marketPlace/lib/python3.7/site-packages/rest_framework/views.py", line 505, in dispatch
    response = self.handle_exception(exc)
  File "/Users/amine/venv/django_api_marketPlace/lib/python3.7/site-packages/rest_framework/views.py", line 465, in handle_exception
    self.raise_uncaught_exception(exc)
  File "/Users/amine/venv/django_api_marketPlace/lib/python3.7/site-packages/rest_framework/views.py", line 476, in raise_uncaught_exception
    raise exc
  File "/Users/amine/venv/django_api_marketPlace/lib/python3.7/site-packages/rest_framework/views.py", line 493, in dispatch
    self.initial(request, *args, **kwargs)
  File "/Users/amine/venv/django_api_marketPlace/lib/python3.7/site-packages/rest_framework/views.py", line 410, in initial
    self.perform_authentication(request)
  File "/Users/amine/venv/django_api_marketPlace/lib/python3.7/site-packages/rest_framework/views.py", line 324, in perform_authentication
    request.user
  File "/Users/amine/venv/django_api_marketPlace/lib/python3.7/site-packages/rest_framework/request.py", line 220, in user
    self._authenticate()
  File "/Users/amine/venv/django_api_marketPlace/lib/python3.7/site-packages/rest_framework/request.py", line 373, in _authenticate
    user_auth_tuple = authenticator.authenticate(self)
  File "/Users/amine/venv/django_api_marketPlace/lib/python3.7/site-packages/rest_framework/authentication.py", line 189, in authenticate
    return self.authenticate_credentials(token)
  File "/Users/amine/venv/django_api_marketPlace/lib/python3.7/site-packages/rest_framework/authentication.py", line 194, in authenticate_credentials
    token = model.objects.select_related('user').get(key=key)
  File "/Users/amine/venv/django_api_marketPlace/lib/python3.7/site-packages/django/db/models/query.py", line 411, in get
    num = len(clone)
  File "/Users/amine/venv/django_api_marketPlace/lib/python3.7/site-packages/django/db/models/query.py", line 258, in __len__
    self._fetch_all()
  File "/Users/amine/venv/django_api_marketPlace/lib/python3.7/site-packages/django/db/models/query.py", line 1261, in _fetch_all
    self._result_cache = list(self._iterable_class(self))
  File "/Users/amine/venv/django_api_marketPlace/lib/python3.7/site-packages/django/db/models/query.py", line 57, in __iter__
    results = compiler.execute_sql(chunked_fetch=self.chunked_fetch, chunk_size=self.chunk_size)
  File "/Users/amine/venv/django_api_marketPlace/lib/python3.7/site-packages/django/db/models/sql/compiler.py", line 1142, in execute_sql
    cursor = self.connection.cursor()
  File "/Users/amine/venv/django_api_marketPlace/lib/python3.7/site-packages/django/utils/asyncio.py", line 26, in inner
    return func(*args, **kwargs)
  File "/Users/amine/venv/django_api_marketPlace/lib/python3.7/site-packages/django/db/backends/base/base.py", line 260, in cursor
    return self._cursor()
  File "/Users/amine/venv/django_api_marketPlace/lib/python3.7/site-packages/django/db/backends/base/base.py", line 236, in _cursor
    self.ensure_connection()
  File "/Users/amine/venv/django_api_marketPlace/lib/python3.7/site-packages/django/utils/asyncio.py", line 26, in inner
    return func(*args, **kwargs)
  File "/Users/amine/venv/django_api_marketPlace/lib/python3.7/site-packages/django/db/backends/base/base.py", line 220, in ensure_connection
    self.connect()
  File "/Users/amine/venv/django_api_marketPlace/lib/python3.7/site-packages/django/db/utils.py", line 90, in __exit__
    raise dj_exc_value.with_traceback(traceback) from exc_value
  File "/Users/amine/venv/django_api_marketPlace/lib/python3.7/site-packages/django/db/backends/base/base.py", line 220, in ensure_connection
    self.connect()
  File "/Users/amine/venv/django_api_marketPlace/lib/python3.7/site-packages/django/utils/asyncio.py", line 26, in inner
    return func(*args, **kwargs)
  File "/Users/amine/venv/django_api_marketPlace/lib/python3.7/site-packages/django/db/backends/base/base.py", line 197, in connect
    self.connection = self.get_new_connection(conn_params)
  File "/Users/amine/venv/django_api_marketPlace/lib/python3.7/site-packages/django/utils/asyncio.py", line 26, in inner
    return func(*args, **kwargs)
  File "/Users/amine/venv/django_api_marketPlace/lib/python3.7/site-packages/django/db/backends/postgresql/base.py", line 185, in get_new_connection
    connection = Database.connect(**conn_params)
  File "/Users/amine/venv/django_api_marketPlace/lib/python3.7/site-packages/psycopg2/__init__.py", line 126, in connect
    conn = _connect(dsn, connection_factory=connection_factory, **kwasync)
django.db.utils.OperationalError: could not translate host name "loudly.ckqy6jm3fbvi.eu-west-3.rds.amazonaws.com" to address: nodename nor servname provided, or not known

"GET /api/episodestats/?podcast=107 HTTP/1.1" 500 21628
"GET /api/episodestats/?podcast=107 HTTP/1.1" 200 2
"GET /api/episodestats/?podcast=107 HTTP/1.1" 200 2
"GET /api/episodestats/?podcast=107 HTTP/1.1" 200 2
"GET /api/episodestats/?podcast=107 HTTP/1.1" 200 2
"GET /api/episodestats/?podcast=108 HTTP/1.1" 200 47096
"GET /api/episodestats/?podcast=109 HTTP/1.1" 200 2
"GET /api/episodestats/?podcast=109 HTTP/1.1" 200 2
"GET /api/episodestats/?podcast=109 HTTP/1.1" 200 2
"GET /api/episodestats/?podcast=109 HTTP/1.1" 200 2
"GET /api/episodestats/?podcast=109 HTTP/1.1" 200 2
"GET /api/episodestats/?podcast=109 HTTP/1.1" 200 2
"GET /api/episodestats/?podcast=109 HTTP/1.1" 200 2
"GET /api/episodestats/?podcast=109 HTTP/1.1" 200 2
"GET /api/episodestats/?podcast=109 HTTP/1.1" 200 2
"GET /api/episodestats/?podcast=109 HTTP/1.1" 200 2
"GET /api/episodestats/?podcast=109 HTTP/1.1" 200 2
"GET /api/episodestats/?podcast=109 HTTP/1.1" 200 2
"GET /api/episodestats/?podcast=109 HTTP/1.1" 200 2
"GET /api/episodestats/?podcast=109 HTTP/1.1" 200 2
"GET /api/episodestats/?podcast=109 HTTP/1.1" 200 2
"GET /api/episodestats/?podcast=109 HTTP/1.1" 200 2
"GET /api/episodestats/?podcast=109 HTTP/1.1" 200 2
"GET /api/episodestats/?podcast=109 HTTP/1.1" 200 2
"GET /api/episodestats/?podcast=109 HTTP/1.1" 200 2
"GET /api/episodestats/?podcast=109 HTTP/1.1" 200 2
"GET /api/episodestats/?podcast=109 HTTP/1.1" 200 2
"GET /api/episodestats/?podcast=109 HTTP/1.1" 200 2
"GET /api/episodestats/?podcast=109 HTTP/1.1" 200 2
"GET /api/episodestats/?podcast=109 HTTP/1.1" 200 2
"GET /api/episodestats/?podcast=110 HTTP/1.1" 200 2
"GET /api/episodestats/?podcast=110 HTTP/1.1" 200 2
"GET /api/episodestats/?podcast=110 HTTP/1.1" 200 2
"GET /api/episodestats/?podcast=110 HTTP/1.1" 200 2
"GET /api/episodestats/?podcast=110 HTTP/1.1" 200 2
"GET /api/episodestats/?podcast=104 HTTP/1.1" 200 47096
"GET /api/episodestats/?podcast=110 HTTP/1.1" 200 2
"GET /api/episodestats/?podcast=110 HTTP/1.1" 200 2
"GET /api/episodestats/?podcast=110 HTTP/1.1" 200 2
"GET /api/episodestats/?podcast=110 HTTP/1.1" 200 2
"GET /api/episodestats/?podcast=110 HTTP/1.1" 200 2
"GET /api/episodestats/?podcast=112 HTTP/1.1" 200 2
"GET /api/episodestats/?podcast=112 HTTP/1.1" 200 2
Watching for file changes with StatReloader
Not Found: /
"GET / HTTP/1.1" 404 4044
Not Found: /favicon.ico
"GET /favicon.ico HTTP/1.1" 404 4095
/Users/amine/work/django_api_marketPlace/marketplace_api/marketplace_api/urls.py changed, reloading.
Watching for file changes with StatReloader
/Users/amine/work/django_api_marketPlace/marketplace_api/marketplace_api/urls.py changed, reloading.
Watching for file changes with StatReloader
"GET / HTTP/1.1" 302 0
"GET /login/?next=/ HTTP/1.1" 200 1889
"GET /static/admin/css/login.css HTTP/1.1" 200 1233
"GET /static/admin/css/responsive.css HTTP/1.1" 200 18052
"GET /static/admin/css/base.css HTTP/1.1" 200 16378
"GET /static/admin/css/fonts.css HTTP/1.1" 200 423
"GET /static/admin/fonts/Roboto-Light-webfont.woff HTTP/1.1" 200 85692
"GET /static/admin/fonts/Roboto-Regular-webfont.woff HTTP/1.1" 200 85876
Watching for file changes with StatReloader
"GET / HTTP/1.1" 302 0
"GET /login/?next=/ HTTP/1.1" 200 1889
"POST /login/?next=/ HTTP/1.1" 302 0
"GET / HTTP/1.1" 200 9962
"GET /static/admin/css/dashboard.css HTTP/1.1" 200 412
"GET /static/admin/img/icon-changelink.svg HTTP/1.1" 200 380
"GET /static/admin/img/icon-deletelink.svg HTTP/1.1" 200 392
"GET /static/admin/img/icon-addlink.svg HTTP/1.1" 200 331
"GET /static/admin/fonts/Roboto-Bold-webfont.woff HTTP/1.1" 200 86184
